<?xml version="1.0" encoding="utf-8"?><testsuites name="pytest tests"><testsuite name="pytest" errors="0" failures="0" skipped="0" tests="5" time="9.927" timestamp="2025-10-20T20:55:47.291039+00:00" hostname="kali"><testcase classname="tests.integration.test_capital_tiers.TestCapitalTiers" name="test_capital_tier_position_sizing" time="2.861" /><testcase classname="tests.integration.test_trading_conditions.TestTradingConditionsIntegration" name="test_capital_tier_transitions" time="0.003" /><testcase classname="tests.integration.test_trading_conditions.TestTradingConditionsIntegration" name="test_dynamic_behavior_engine_integration" time="0.003" /><testcase classname="tests.integration.test_trading_conditions.TestTradingConditionsIntegration" name="test_end_to_end_trading_cycle" time="0.131" /><testcase classname="tests.integration.test_trading_conditions.TestTradingConditionsIntegration" name="test_timeframe_alignment" time="0.093" /></testsuite></testsuites>